// Jest Snapshot v1, https://goo.gl/fbAQLP

exports[`AIChatScreen renders correctly 1`] = `
<View
  onLayout={[Function]}
  style={
    [
      {
        "backgroundColor": "#F8F9FA",
        "flex": 1,
      },
      {
        "paddingBottom": 0,
      },
    ]
  }
>
  <View
    style={
      {
        "alignItems": "center",
        "backgroundColor": "#FFF",
        "borderBottomColor": "#E1E5E9",
        "borderBottomWidth": 1,
        "flexDirection": "row",
        "justifyContent": "space-between",
        "paddingHorizontal": 16,
        "paddingVertical": 12,
      }
    }
  >
    <View
      style={
        {
          "alignItems": "center",
          "flexDirection": "row",
        }
      }
    >
      <Ionicons
        color="#007AFF"
        name="chatbubble-ellipses"
        size={24}
      />
      <Text
        style={
          {
            "color": "#1C1C1E",
            "fontSize": 18,
            "fontWeight": "600",
            "marginLeft": 8,
          }
        }
      >
        Splan AI
      </Text>
    </View>
    <View
      accessibilityState={
        {
          "busy": undefined,
          "checked": undefined,
          "disabled": undefined,
          "expanded": undefined,
          "selected": undefined,
        }
      }
      accessibilityValue={
        {
          "max": undefined,
          "min": undefined,
          "now": undefined,
          "text": undefined,
        }
      }
      accessible={true}
      collapsable={false}
      focusable={true}
      onClick={[Function]}
      onResponderGrant={[Function]}
      onResponderMove={[Function]}
      onResponderRelease={[Function]}
      onResponderTerminate={[Function]}
      onResponderTerminationRequest={[Function]}
      onStartShouldSetResponder={[Function]}
      style={
        {
          "opacity": 1,
          "padding": 8,
        }
      }
    >
      <Ionicons
        color="#FF3B30"
        name="trash-outline"
        size={20}
      />
    </View>
  </View>
  <RCTScrollView
    ListFooterComponent={[Function]}
    contentContainerStyle={
      {
        "paddingHorizontal": 16,
        "paddingVertical": 12,
      }
    }
    data={[]}
    getItem={[Function]}
    getItemCount={[Function]}
    keyExtractor={[Function]}
    onContentSizeChange={[Function]}
    onLayout={[Function]}
    onMomentumScrollBegin={[Function]}
    onMomentumScrollEnd={[Function]}
    onScroll={[Function]}
    onScrollBeginDrag={[Function]}
    onScrollEndDrag={[Function]}
    removeClippedSubviews={false}
    renderItem={[Function]}
    scrollEventThrottle={0.0001}
    showsVerticalScrollIndicator={false}
    stickyHeaderIndices={[]}
    style={
      {
        "flex": 1,
      }
    }
    viewabilityConfigCallbackPairs={[]}
  >
    <View>
      <View
        onLayout={[Function]}
      />
    </View>
  </RCTScrollView>
  <View
    style={
      {
        "alignItems": "flex-end",
        "backgroundColor": "#FFF",
        "borderTopColor": "#E1E5E9",
        "borderTopWidth": 1,
        "flexDirection": "row",
        "paddingHorizontal": 16,
        "paddingVertical": 12,
      }
    }
  >
    <TextInput
      editable={true}
      maxLength={1000}
      multiline={true}
      onChangeText={[Function]}
      placeholder="AI'ya bir ÅŸeyler sor..."
      placeholderTextColor="#999"
      style={
        {
          "backgroundColor": "#F2F2F7",
          "borderRadius": 20,
          "color": "#1C1C1E",
          "flex": 1,
          "fontSize": 16,
          "marginRight": 8,
          "maxHeight": 120,
          "minHeight": 40,
          "paddingHorizontal": 16,
          "paddingVertical": 10,
        }
      }
      value=""
    />
    <View
      accessibilityState={
        {
          "busy": undefined,
          "checked": undefined,
          "disabled": true,
          "expanded": undefined,
          "selected": undefined,
        }
      }
      accessibilityValue={
        {
          "max": undefined,
          "min": undefined,
          "now": undefined,
          "text": undefined,
        }
      }
      accessible={true}
      collapsable={false}
      focusable={true}
      onClick={[Function]}
      onResponderGrant={[Function]}
      onResponderMove={[Function]}
      onResponderRelease={[Function]}
      onResponderTerminate={[Function]}
      onResponderTerminationRequest={[Function]}
      onStartShouldSetResponder={[Function]}
      style={
        {
          "alignItems": "center",
          "backgroundColor": "#F2F2F7",
          "borderRadius": 20,
          "height": 40,
          "justifyContent": "center",
          "opacity": 1,
          "width": 40,
        }
      }
    >
      <Ionicons
        color="#999"
        name="send"
        size={20}
      />
    </View>
  </View>
</View>
`;
